// Jest Snapshot v1, https://goo.gl/fbAQLP

exports[`matches snapshot 1`] = `
<DocumentFragment>
  <div
    class="col-md-12 d-none d-md-block bg-light sidebar nav"
  >
    <div
      class="container-fluid text-center d-flex flex-column align-items-center justify-content-center"
    >
      <img
        alt=""
        class="d-inline-block align-top"
        height="40"
        src="/user.svg"
        width="40"
      />
      <span
        class="my-3"
      >
        Welcome User!
      </span>
    </div>
    <div
      class="sidebar-sticky"
    />
    <div
      class="ml-3"
    >
      <div
        class="nav-item"
      >
        <a
          class="nav-link active"
          href="#"
          role="button"
        >
          Users
        </a>
      </div>
      <div
        class="nav-item"
      >
        <a
          class="nav-link"
          data-rb-event-key="link-1"
          href="#"
          role="button"
        >
          Tools
        </a>
      </div>
      <div
        class="nav-item"
      >
        <a
          class="nav-link"
          data-rb-event-key="link-2"
          href="#"
          role="button"
        >
          Settings
        </a>
      </div>
    </div>
  </div>
</DocumentFragment>
`;
