// Jest Snapshot v1, https://goo.gl/fbAQLP

exports[`matches snapshot 1`] = `
<DocumentFragment>
  <div
    class="avatar-circle"
  >
    <span
      class="initials"
    >
      JD
    </span>
  </div>
</DocumentFragment>
`;
