// Jest Snapshot v1, https://goo.gl/fbAQLP

exports[`matches snapshot 1`] = `
<DocumentFragment>
  <tr>
    <td>
      <div
        class="d-flex align-items-center"
      >
        <div
          class="avatar-circle"
        >
          <span
            class="initials"
          >
            BD
          </span>
        </div>
        <span
          class="ml-3"
        >
          Bob Doe
        </span>
      </div>
    </td>
    <td>
      bob.doe@gmail.com
    </td>
    <td>
      24 Nov 1994
    </td>
    <td>
      <div
        class="d-flex justify-content-center mt-2"
      >
        <button
          class="mr-4 btn btn-success btn-block"
          type="button"
        >
          Update
        </button>
        <button
          class="mt-0 btn btn-danger btn-block"
          type="button"
        >
          Delete
        </button>
      </div>
    </td>
  </tr>
</DocumentFragment>
`;
